[Fragment(uuid='TEST-00',
          path='README.md',
          lineno=1,
          text='# Test project\n\nThis is a project used by the unit tests of the **AskYourCode** _ChatGPT_ plugin.',
          name=''),
 Fragment(uuid='TEST-01',
          path='README.md',
          lineno=4,
          text='Rationale\n'
               '\n'
               'We need a standard set of source code files to validate the unit tests results with.\n'
               '\n'
               '### Doc types and languages\n'
               '\n'
               'Supported **document types** and **programming languages**:\n'
               '\n'
               '- Text\n'
               '- Markdown\n'
               '- Python\n'
               '- Shell\n'
               '- C#\n'
               '- C\n'
               '- C++\n'
               '- Rust\n'
               '- Zig\n'
               '- Java\n'
               '- JavaScript\n'
               '- SQL\n'
               '- CSS\n'
               '- HTML',
          name=''),
 Fragment(uuid='TEST-02',
          path='README.md',
          lineno=26,
          text='Some long section\n'
               '\n'
               'Lorem ipsum dolor sit amet, consectetur adipiscing elit. Pellentesque eu tellus libero.\n'
               'Maecenas consectetur ex id libero malesuada consequat. Fusce dapibus, ipsum vel efficitur lobortis,\n'
               'libero dui tristique eros, id volutpat tellus neque a velit. Etiam id ante dui.\n'
               'Donec quis tortor tempus libero congue tempor vitae eget mauris. Aliquam tincidunt lacinia semper.\n'
               'Etiam tincidunt nisl dapibus, tempor sem nec, fringilla neque. Nam vulputate sollicitudin sapien\n'
               'sed interdum. Vivamus vel ex vel sem commodo congue nec eget quam. Pellentesque consequat,\n'
               'lectus eu volutpat sodales, magna dui mattis sem, ut luctus metus ligula dictum nulla.\n'
               'Vivamus nisi tellus, gravida eu pellentesque at, tempus in massa. Suspendisse potenti.\n'
               'Aliquam purus sapien, faucibus vitae eros a, aliquet porta nulla.',
          name=''),
 Fragment(uuid='TEST-03',
          path='README.md',
          lineno=37,
          text='Sed facilisis tellus ut pretium egestas. Etiam finibus dolor in quam tincidunt fermentum.\n'
               'Aenean viverra est eget velit blandit, ut feugiat purus congue. Maecenas semper nunc molestie,\n'
               'tincidunt est eget, ullamcorper mi. Duis convallis velit sed libero suscipit, eu iaculis\n'
               'tortor interdum. Nam faucibus viverra tortor, a tincidunt nunc eleifend id. Proin pharetra\n'
               'eros vel eros tincidunt, aliquam consequat libero condimentum. Integer aliquam felis aliquet\n'
               'nunc pretium bibendum. Aliquam sodales dapibus nisi, sit amet tincidunt sem egestas nec.\n'
               'Mauris maximus nulla nunc, non dapibus nunc semper vitae. Suspendisse viverra neque in\n'
               'interdum rhoncus. Sed in quam egestas, facilisis massa ut, maximus elit.\n'
               '\n'
               '# End\n'
               '\n'
               'End of test doc.',
          name='')]